// Vitest Snapshot v1, https://vitest.dev/guide/snapshot.html

exports[`Tests in <FirstApp /> > should match with snapshot 1`] = `
<div>
  <h1
    data-testid="test-title"
  >
    A test title
  </h1>
  <h2>
    There is no subtitle
  </h2>
  <p>
    Version: 1
  </p>
  <p>
    1
    2
    3
    4
    5
    6
    7
    8
    9
  </p>
  <h2>
    There is no subtitle
  </h2>
  <p>
    9
  </p>
</div>
`;
